******************************************************************************
                  TI ARM Linker PC v5.1.1                      
******************************************************************************
>> Linked Mon Nov 23 17:14:07 2015

OUTPUT FILE NAME:   <blinky.out>
ENTRY POINT SYMBOL: "_c_int00"  address: 00000649


MEMORY CONFIGURATION

         name            origin    length      used     unused   attr    fill
----------------------  --------  ---------  --------  --------  ----  --------
  FLASH                 00000000   00040000  00000874  0003f78c  R  X
  SRAM                  20000000   00008000  00000114  00007eec  RW X


SEGMENT ALLOCATION MAP

run origin  load origin   length   init length attrs members
----------  ----------- ---------- ----------- ----- -------
00000000    00000000    00000878   00000878    r-x
  00000000    00000000    0000026c   0000026c    r-- .intvecs
  0000026c    0000026c    000005e8   000005e8    r-x .text
  00000858    00000858    00000020   00000020    r-- .cinit
20000000    20000000    00000114   00000000    rw-
  20000000    20000000    00000100   00000000    rw- .stack
  20000100    20000100    00000014   00000000    rw- .data


SECTION ALLOCATION MAP

 output                                  attributes/
section   page    origin      length       input sections
--------  ----  ----------  ----------   ----------------
.intvecs   0    00000000    0000026c     
                  00000000    0000026c     startup_ccs.obj (.intvecs)

.init_array 
*          0    00000000    00000000     UNINITIALIZED

.text      0    0000026c    000005e8     
                  0000026c    00000104     driverlib.lib : sysctl.obj (.text:SysCtlClockSet)
                  00000370    000000d8     blinky.obj (.text:main)
                  00000448    0000009c     rtsv7M4_T_le_v4SPD16_eabi.lib : memcpy_t2.obj (.text)
                  000004e4    00000094                                   : auto_init.obj (.text)
                  00000578    00000070     driverlib.lib : adc.obj (.text:ADCSequenceStepConfigure)
                  000005e8    0000005e     rtsv7M4_T_le_v4SPD16_eabi.lib : copy_decompress_rle.obj (.text)
                  00000646    00000002     startup_ccs.obj (.text:FaultISR)
                  00000648    00000048     rtsv7M4_T_le_v4SPD16_eabi.lib : boot.obj (.text)
                  00000690    00000044                                   : cpy_tbl.obj (.text)
                  000006d4    00000044                                   : exit.obj (.text)
                  00000718    00000034     driverlib.lib : sysctl.obj (.text:SysCtlPeripheralEnable)
                  0000074c    0000002e                   : adc.obj (.text:ADCIntStatus)
                  0000077a    0000002c                   : adc.obj (.text:ADCSequenceConfigure)
                  000007a6    0000001e                   : adc.obj (.text:ADCSequenceDataGet)
                  000007c4    00000018     rtsv7M4_T_le_v4SPD16_eabi.lib : args_main.obj (.text)
                  000007dc    00000016     driverlib.lib : adc.obj (.text:ADCProcessorTrigger)
                  000007f2    00000002     startup_ccs.obj (.text:IntDefaultHandler)
                  000007f4    00000014     rtsv7M4_T_le_v4SPD16_eabi.lib : _lock.obj (.text)
                  00000808    00000012     driverlib.lib : adc.obj (.text:ADCHardwareOversampleConfigure)
                  0000081a    0000000e                   : adc.obj (.text:ADCSequenceEnable)
                  00000828    0000000e     rtsv7M4_T_le_v4SPD16_eabi.lib : copy_decompress_none.obj (.text:decompress:none)
                  00000836    0000000a     driverlib.lib : adc.obj (.text:ADCIntClear)
                  00000840    00000006     startup_ccs.obj (.text:ResetISR)
                  00000846    00000006     driverlib.lib : sysctl.obj (.text:SysCtlDelay)
                  0000084c    00000006     rtsv7M4_T_le_v4SPD16_eabi.lib : copy_decompress_rle.obj (.text:decompress:rle24)
                  00000852    00000002     startup_ccs.obj (.text:NmiSR)

.cinit     0    00000858    00000020     
                  00000858    0000000f     (.cinit..data.load) [load image, compression = rle]
                  00000867    00000001     --HOLE-- [fill = 0]
                  00000868    00000008     (__TI_handler_table)
                  00000870    00000008     (__TI_cinit_table)

.stack     0    20000000    00000100     UNINITIALIZED
                  20000000    00000100     --HOLE--

.data      0    20000100    00000014     UNINITIALIZED
                  20000100    00000008     rtsv7M4_T_le_v4SPD16_eabi.lib : _lock.obj (.data)
                  20000108    00000008                                   : exit.obj (.data)
                  20000110    00000004                                   : stkdepth_vars.obj (.data)


LINKER GENERATED COPY TABLES

__TI_cinit_table @ 00000870 records: 1, size/record: 8, table size: 8
	.data: load addr=00000858, load size=0000000f bytes, run addr=20000100, run size=00000014 bytes, compression=rle


LINKER GENERATED HANDLER TABLE

__TI_handler_table @ 00000868 records: 2, size/record: 4, table size: 8
	index: 0, handler: __TI_decompress_rle24
	index: 1, handler: __TI_decompress_none


GLOBAL SYMBOLS: SORTED ALPHABETICALLY BY Name 

address    name
--------   ----
00000809   ADCHardwareOversampleConfigure
00000837   ADCIntClear
0000074d   ADCIntStatus
000007dd   ADCProcessorTrigger
0000077b   ADCSequenceConfigure
000007a7   ADCSequenceDataGet
0000081b   ADCSequenceEnable
00000579   ADCSequenceStepConfigure
000006d5   C$$EXIT
00000841   ResetISR
UNDEFED    SHT$$INIT_ARRAY$$Base
UNDEFED    SHT$$INIT_ARRAY$$Limit
0000026d   SysCtlClockSet
00000847   SysCtlDelay
00000719   SysCtlPeripheralEnable
20000100   __STACK_END
00000100   __STACK_SIZE
20000100   __STACK_TOP
00000870   __TI_CINIT_Base
00000878   __TI_CINIT_Limit
00000868   __TI_Handler_Table_Base
00000870   __TI_Handler_Table_Limit
00000001   __TI_args_main
000004e5   __TI_auto_init
20000108   __TI_cleanup_ptr
00000829   __TI_decompress_none
0000084d   __TI_decompress_rle24
2000010c   __TI_dtors_ptr
00000000   __TI_static_base__
00000449   __aeabi_memcpy
00000449   __aeabi_memcpy4
00000449   __aeabi_memcpy8
ffffffff   __binit__
ffffffff   __c_args__
20000000   __stack
000007c5   _args_main
00000649   _c_int00
20000100   _lock
00000803   _nop
000007fb   _register_lock
000007f5   _register_unlock
20000104   _unlock
000006d9   abort
ffffffff   binit
00000691   copy_in
000006e1   exit
00000000   g_pfnVectors
00000371   main
20000110   main_func_sp
00000449   memcpy


GLOBAL SYMBOLS: SORTED BY Symbol Address 

address    name
--------   ----
00000000   __TI_static_base__
00000000   g_pfnVectors
00000001   __TI_args_main
00000100   __STACK_SIZE
0000026d   SysCtlClockSet
00000371   main
00000449   __aeabi_memcpy
00000449   __aeabi_memcpy4
00000449   __aeabi_memcpy8
00000449   memcpy
000004e5   __TI_auto_init
00000579   ADCSequenceStepConfigure
00000649   _c_int00
00000691   copy_in
000006d5   C$$EXIT
000006d9   abort
000006e1   exit
00000719   SysCtlPeripheralEnable
0000074d   ADCIntStatus
0000077b   ADCSequenceConfigure
000007a7   ADCSequenceDataGet
000007c5   _args_main
000007dd   ADCProcessorTrigger
000007f5   _register_unlock
000007fb   _register_lock
00000803   _nop
00000809   ADCHardwareOversampleConfigure
0000081b   ADCSequenceEnable
00000829   __TI_decompress_none
00000837   ADCIntClear
00000841   ResetISR
00000847   SysCtlDelay
0000084d   __TI_decompress_rle24
00000868   __TI_Handler_Table_Base
00000870   __TI_CINIT_Base
00000870   __TI_Handler_Table_Limit
00000878   __TI_CINIT_Limit
20000000   __stack
20000100   __STACK_END
20000100   __STACK_TOP
20000100   _lock
20000104   _unlock
20000108   __TI_cleanup_ptr
2000010c   __TI_dtors_ptr
20000110   main_func_sp
ffffffff   __binit__
ffffffff   __c_args__
ffffffff   binit
UNDEFED    SHT$$INIT_ARRAY$$Base
UNDEFED    SHT$$INIT_ARRAY$$Limit

[50 symbols]
