******************************************************************************
                  TI ARM Linker PC v5.1.1                      
******************************************************************************
>> Linked Mon Nov 23 19:58:40 2015

OUTPUT FILE NAME:   <uart_echo.out>
ENTRY POINT SYMBOL: "_c_int00"  address: 00000c11


MEMORY CONFIGURATION

         name            origin    length      used     unused   attr    fill
----------------------  --------  ---------  --------  --------  ----  --------
  FLASH                 00000000   00040000  00001142  0003eebe  R  X
  SRAM                  20000000   00008000  0000011c  00007ee4  RW X


SEGMENT ALLOCATION MAP

run origin  load origin   length   init length attrs members
----------  ----------- ---------- ----------- ----- -------
00000000    00000000    00001148   00001148    r-x
  00000000    00000000    0000026c   0000026c    r-- .intvecs
  0000026c    0000026c    00000d1c   00000d1c    r-x .text
  00000f88    00000f88    0000019a   0000019a    r-- .const
  00001128    00001128    00000020   00000020    r-- .cinit
20000000    20000000    0000011c   00000000    rw-
  20000000    20000000    00000100   00000000    rw- .stack
  20000100    20000100    0000001c   00000000    rw- .data


SECTION ALLOCATION MAP

 output                                  attributes/
section   page    origin      length       input sections
--------  ----  ----------  ----------   ----------------
.intvecs   0    00000000    0000026c     
                  00000000    0000026c     startup_ccs.obj (.intvecs)

.init_array 
*          0    00000000    00000000     UNINITIALIZED

.text      0    0000026c    00000d1c     
                  0000026c    000001ea     uartstdio.obj (.text:UARTvprintf)
                  00000456    00000130     driverlib.lib : gpio.obj (.text:GPIOPadConfigSet)
                  00000586    00000002     startup_ccs.obj (.text:FaultISR)
                  00000588    0000010c     uart_echo.obj (.text:main)
                  00000694    00000104     driverlib.lib : sysctl.obj (.text:SysCtlClockSet)
                  00000798    000000c8                   : sysctl.obj (.text:SysCtlClockGet)
                  00000860    0000009c     rtsv7M4_T_le_v4SPD16_eabi.lib : memcpy_t2.obj (.text)
                  000008fc    00000094                                   : auto_init.obj (.text)
                  00000990    00000070     driverlib.lib : adc.obj (.text:ADCSequenceStepConfigure)
                  00000a00    00000060                   : interrupt.obj (.text:IntEnable)
                  00000a60    00000060     uart_echo.obj (.text:UARTIntHandler)
                  00000ac0    00000060     uartstdio.obj (.text:UARTStdioConfig)
                  00000b20    0000005e     rtsv7M4_T_le_v4SPD16_eabi.lib : copy_decompress_rle.obj (.text)
                  00000b7e    00000002     startup_ccs.obj (.text:IntDefaultHandler)
                  00000b80    00000048     driverlib.lib : gpio.obj (.text:GPIOPinConfigure)
                  00000bc8    00000048     uartstdio.obj (.text:UARTwrite)
                  00000c10    00000048     rtsv7M4_T_le_v4SPD16_eabi.lib : boot.obj (.text)
                  00000c58    00000044                                   : cpy_tbl.obj (.text)
                  00000c9c    00000044                                   : exit.obj (.text)
                  00000ce0    00000042                                   : u_divt2.obj (.text)
                  00000d22    00000040     driverlib.lib : uart.obj (.text:UARTConfigSetExpClk)
                  00000d62    00000002     startup_ccs.obj (.text:NmiSR)
                  00000d64    00000034     driverlib.lib : sysctl.obj (.text:SysCtlPeripheralEnable)
                  00000d98    0000002e                   : adc.obj (.text:ADCIntStatus)
                  00000dc6    0000002c                   : adc.obj (.text:ADCSequenceConfigure)
                  00000df2    0000002a                   : gpio.obj (.text:GPIODirModeSet)
                  00000e1c    0000001e                   : adc.obj (.text:ADCSequenceDataGet)
                  00000e3a    00000002     --HOLE-- [fill = 0]
                  00000e3c    0000001c                   : uart.obj (.text:UARTDisable)
                  00000e58    0000001a     uartstdio.obj (.text:UARTprintf)
                  00000e72    00000018     driverlib.lib : gpio.obj (.text:GPIOPinTypeGPIOOutput)
                  00000e8a    00000002     --HOLE-- [fill = 0]
                  00000e8c    00000018     rtsv7M4_T_le_v4SPD16_eabi.lib : args_main.obj (.text)
                  00000ea4    00000016     driverlib.lib : adc.obj (.text:ADCProcessorTrigger)
                  00000eba    00000014                   : uart.obj (.text:UARTEnable)
                  00000ece    00000002     --HOLE-- [fill = 0]
                  00000ed0    00000014     rtsv7M4_T_le_v4SPD16_eabi.lib : _lock.obj (.text)
                  00000ee4    00000012     driverlib.lib : gpio.obj (.text:GPIOPinTypeUART)
                  00000ef6    0000000e                   : adc.obj (.text:ADCSequenceEnable)
                  00000f04    0000000e                   : uart.obj (.text:UARTCharGetNonBlocking)
                  00000f12    0000000e                   : uart.obj (.text:UARTCharPutNonBlocking)
                  00000f20    0000000e     rtsv7M4_T_le_v4SPD16_eabi.lib : copy_decompress_none.obj (.text:decompress:none)
                  00000f2e    0000000c     driverlib.lib : cpu.obj (.text:CPUcpsie)
                  00000f3a    0000000c                   : uart.obj (.text:UARTCharsAvail)
                  00000f46    0000000a                   : adc.obj (.text:ADCIntClear)
                  00000f50    0000000a                   : interrupt.obj (.text:IntMasterEnable)
                  00000f5a    0000000a                   : uart.obj (.text:UARTIntStatus)
                  00000f64    00000008                   : uart.obj (.text:UARTIntEnable)
                  00000f6c    00000006                   : gpio.obj (.text:GPIOPinWrite)
                  00000f72    00000006     startup_ccs.obj (.text:ResetISR)
                  00000f78    00000006     driverlib.lib : sysctl.obj (.text:SysCtlDelay)
                  00000f7e    00000006     rtsv7M4_T_le_v4SPD16_eabi.lib : copy_decompress_rle.obj (.text:decompress:rle24)
                  00000f84    00000004     driverlib.lib : uart.obj (.text:UARTIntClear)

.const     0    00000f88    0000019a     
                  00000f88    00000090     driverlib.lib : gpio.obj (.const:g_pui32GPIOBaseAddrs)
                  00001018    00000070                   : interrupt.obj (.const)
                  00001088    0000006c                   : sysctl.obj (.const:g_pui32Xtals)
                  000010f4    0000001c     uartstdio.obj (.const)
                  00001110    00000012     uartstdio.obj (.const:.string)

.cinit     0    00001128    00000020     
                  00001128    0000000f     (.cinit..data.load) [load image, compression = rle]
                  00001137    00000001     --HOLE-- [fill = 0]
                  00001138    00000008     (__TI_handler_table)
                  00001140    00000008     (__TI_cinit_table)

.stack     0    20000000    00000100     UNINITIALIZED
                  20000000    00000100     --HOLE--

.data      0    20000100    0000001c     UNINITIALIZED
                  20000100    00000008     rtsv7M4_T_le_v4SPD16_eabi.lib : _lock.obj (.data)
                  20000108    00000008                                   : exit.obj (.data)
                  20000110    00000005     uartstdio.obj (.data)
                  20000115    00000003     --HOLE--
                  20000118    00000004     rtsv7M4_T_le_v4SPD16_eabi.lib : stkdepth_vars.obj (.data)


LINKER GENERATED COPY TABLES

__TI_cinit_table @ 00001140 records: 1, size/record: 8, table size: 8
	.data: load addr=00001128, load size=0000000f bytes, run addr=20000100, run size=0000001c bytes, compression=rle


LINKER GENERATED HANDLER TABLE

__TI_handler_table @ 00001138 records: 2, size/record: 4, table size: 8
	index: 0, handler: __TI_decompress_rle24
	index: 1, handler: __TI_decompress_none


GLOBAL SYMBOLS: SORTED ALPHABETICALLY BY Name 

address    name
--------   ----
00000f47   ADCIntClear
00000d99   ADCIntStatus
00000ea5   ADCProcessorTrigger
00000dc7   ADCSequenceConfigure
00000e1d   ADCSequenceDataGet
00000ef7   ADCSequenceEnable
00000991   ADCSequenceStepConfigure
00000c9d   C$$EXIT
00000f2f   CPUcpsie
00000df3   GPIODirModeSet
00000457   GPIOPadConfigSet
00000b81   GPIOPinConfigure
00000e73   GPIOPinTypeGPIOOutput
00000ee5   GPIOPinTypeUART
00000f6d   GPIOPinWrite
00000a01   IntEnable
00000f51   IntMasterEnable
00000f73   ResetISR
UNDEFED    SHT$$INIT_ARRAY$$Base
UNDEFED    SHT$$INIT_ARRAY$$Limit
00000799   SysCtlClockGet
00000695   SysCtlClockSet
00000f79   SysCtlDelay
00000d65   SysCtlPeripheralEnable
00000f05   UARTCharGetNonBlocking
00000f13   UARTCharPutNonBlocking
00000f3b   UARTCharsAvail
00000d23   UARTConfigSetExpClk
00000e3d   UARTDisable
00000ebb   UARTEnable
00000f85   UARTIntClear
00000f65   UARTIntEnable
00000a61   UARTIntHandler
00000f5b   UARTIntStatus
00000ac1   UARTStdioConfig
00000e59   UARTprintf
0000026d   UARTvprintf
00000bc9   UARTwrite
20000100   __STACK_END
00000100   __STACK_SIZE
20000100   __STACK_TOP
00001140   __TI_CINIT_Base
00001148   __TI_CINIT_Limit
00001138   __TI_Handler_Table_Base
00001140   __TI_Handler_Table_Limit
00000001   __TI_args_main
000008fd   __TI_auto_init
20000108   __TI_cleanup_ptr
00000f21   __TI_decompress_none
00000f7f   __TI_decompress_rle24
2000010c   __TI_dtors_ptr
00000000   __TI_static_base__
00000861   __aeabi_memcpy
00000861   __aeabi_memcpy4
00000861   __aeabi_memcpy8
00000ce1   __aeabi_uidivmod
ffffffff   __binit__
ffffffff   __c_args__
20000000   __stack
00000e8d   _args_main
00000c11   _c_int00
20000100   _lock
00000edf   _nop
00000ed7   _register_lock
00000ed1   _register_unlock
20000104   _unlock
00000ca1   abort
ffffffff   binit
00000c59   copy_in
00000ca9   exit
00000000   g_pfnVectors
00000589   main
20000118   main_func_sp
00000861   memcpy


GLOBAL SYMBOLS: SORTED BY Symbol Address 

address    name
--------   ----
00000000   __TI_static_base__
00000000   g_pfnVectors
00000001   __TI_args_main
00000100   __STACK_SIZE
0000026d   UARTvprintf
00000457   GPIOPadConfigSet
00000589   main
00000695   SysCtlClockSet
00000799   SysCtlClockGet
00000861   __aeabi_memcpy
00000861   __aeabi_memcpy4
00000861   __aeabi_memcpy8
00000861   memcpy
000008fd   __TI_auto_init
00000991   ADCSequenceStepConfigure
00000a01   IntEnable
00000a61   UARTIntHandler
00000ac1   UARTStdioConfig
00000b81   GPIOPinConfigure
00000bc9   UARTwrite
00000c11   _c_int00
00000c59   copy_in
00000c9d   C$$EXIT
00000ca1   abort
00000ca9   exit
00000ce1   __aeabi_uidivmod
00000d23   UARTConfigSetExpClk
00000d65   SysCtlPeripheralEnable
00000d99   ADCIntStatus
00000dc7   ADCSequenceConfigure
00000df3   GPIODirModeSet
00000e1d   ADCSequenceDataGet
00000e3d   UARTDisable
00000e59   UARTprintf
00000e73   GPIOPinTypeGPIOOutput
00000e8d   _args_main
00000ea5   ADCProcessorTrigger
00000ebb   UARTEnable
00000ed1   _register_unlock
00000ed7   _register_lock
00000edf   _nop
00000ee5   GPIOPinTypeUART
00000ef7   ADCSequenceEnable
00000f05   UARTCharGetNonBlocking
00000f13   UARTCharPutNonBlocking
00000f21   __TI_decompress_none
00000f2f   CPUcpsie
00000f3b   UARTCharsAvail
00000f47   ADCIntClear
00000f51   IntMasterEnable
00000f5b   UARTIntStatus
00000f65   UARTIntEnable
00000f6d   GPIOPinWrite
00000f73   ResetISR
00000f79   SysCtlDelay
00000f7f   __TI_decompress_rle24
00000f85   UARTIntClear
00001138   __TI_Handler_Table_Base
00001140   __TI_CINIT_Base
00001140   __TI_Handler_Table_Limit
00001148   __TI_CINIT_Limit
20000000   __stack
20000100   __STACK_END
20000100   __STACK_TOP
20000100   _lock
20000104   _unlock
20000108   __TI_cleanup_ptr
2000010c   __TI_dtors_ptr
20000118   main_func_sp
ffffffff   __binit__
ffffffff   __c_args__
ffffffff   binit
UNDEFED    SHT$$INIT_ARRAY$$Base
UNDEFED    SHT$$INIT_ARRAY$$Limit

[74 symbols]
